// Jest Snapshot v1, https://goo.gl/fbAQLP

exports[`snapshot testing snapshot for details 1`] = `<d />`;
